Archive member included to satisfy reference by file (symbol)

c:/st/stm32cubeide_1.6.1/stm32cubeide/plugins/com.st.stm32cube.ide.mcu.externaltools.gnu-tools-for-stm32.9-2020-q2-update.win32_1.5.0.202011040924/tools/bin/../lib/gcc/arm-none-eabi/9.3.1/../../../../arm-none-eabi/lib/thumb/v7-m/nofp\libc_nano.a(lib_a-errno.o)
                              Src/syscalls.o (__errno)
c:/st/stm32cubeide_1.6.1/stm32cubeide/plugins/com.st.stm32cube.ide.mcu.externaltools.gnu-tools-for-stm32.9-2020-q2-update.win32_1.5.0.202011040924/tools/bin/../lib/gcc/arm-none-eabi/9.3.1/../../../../arm-none-eabi/lib/thumb/v7-m/nofp\libc_nano.a(lib_a-exit.o)
                              c:/st/stm32cubeide_1.6.1/stm32cubeide/plugins/com.st.stm32cube.ide.mcu.externaltools.gnu-tools-for-stm32.9-2020-q2-update.win32_1.5.0.202011040924/tools/bin/../lib/gcc/arm-none-eabi/9.3.1/../../../../arm-none-eabi/lib/thumb/v7-m/nofp/crt0.o (exit)
c:/st/stm32cubeide_1.6.1/stm32cubeide/plugins/com.st.stm32cube.ide.mcu.externaltools.gnu-tools-for-stm32.9-2020-q2-update.win32_1.5.0.202011040924/tools/bin/../lib/gcc/arm-none-eabi/9.3.1/../../../../arm-none-eabi/lib/thumb/v7-m/nofp\libc_nano.a(lib_a-impure.o)
                              c:/st/stm32cubeide_1.6.1/stm32cubeide/plugins/com.st.stm32cube.ide.mcu.externaltools.gnu-tools-for-stm32.9-2020-q2-update.win32_1.5.0.202011040924/tools/bin/../lib/gcc/arm-none-eabi/9.3.1/../../../../arm-none-eabi/lib/thumb/v7-m/nofp\libc_nano.a(lib_a-exit.o) (_global_impure_ptr)
c:/st/stm32cubeide_1.6.1/stm32cubeide/plugins/com.st.stm32cube.ide.mcu.externaltools.gnu-tools-for-stm32.9-2020-q2-update.win32_1.5.0.202011040924/tools/bin/../lib/gcc/arm-none-eabi/9.3.1/../../../../arm-none-eabi/lib/thumb/v7-m/nofp\libc_nano.a(lib_a-init.o)
                              c:/st/stm32cubeide_1.6.1/stm32cubeide/plugins/com.st.stm32cube.ide.mcu.externaltools.gnu-tools-for-stm32.9-2020-q2-update.win32_1.5.0.202011040924/tools/bin/../lib/gcc/arm-none-eabi/9.3.1/../../../../arm-none-eabi/lib/thumb/v7-m/nofp/crt0.o (__libc_init_array)
c:/st/stm32cubeide_1.6.1/stm32cubeide/plugins/com.st.stm32cube.ide.mcu.externaltools.gnu-tools-for-stm32.9-2020-q2-update.win32_1.5.0.202011040924/tools/bin/../lib/gcc/arm-none-eabi/9.3.1/../../../../arm-none-eabi/lib/thumb/v7-m/nofp\libc_nano.a(lib_a-itoa.o)
                              Src/LCD_program.o (itoa)
c:/st/stm32cubeide_1.6.1/stm32cubeide/plugins/com.st.stm32cube.ide.mcu.externaltools.gnu-tools-for-stm32.9-2020-q2-update.win32_1.5.0.202011040924/tools/bin/../lib/gcc/arm-none-eabi/9.3.1/../../../../arm-none-eabi/lib/thumb/v7-m/nofp\libc_nano.a(lib_a-memset.o)
                              c:/st/stm32cubeide_1.6.1/stm32cubeide/plugins/com.st.stm32cube.ide.mcu.externaltools.gnu-tools-for-stm32.9-2020-q2-update.win32_1.5.0.202011040924/tools/bin/../lib/gcc/arm-none-eabi/9.3.1/../../../../arm-none-eabi/lib/thumb/v7-m/nofp/crt0.o (memset)
c:/st/stm32cubeide_1.6.1/stm32cubeide/plugins/com.st.stm32cube.ide.mcu.externaltools.gnu-tools-for-stm32.9-2020-q2-update.win32_1.5.0.202011040924/tools/bin/../lib/gcc/arm-none-eabi/9.3.1/../../../../arm-none-eabi/lib/thumb/v7-m/nofp\libc_nano.a(lib_a-sprintf.o)
                              Src/ILI9341_GFX.o (sprintf)
c:/st/stm32cubeide_1.6.1/stm32cubeide/plugins/com.st.stm32cube.ide.mcu.externaltools.gnu-tools-for-stm32.9-2020-q2-update.win32_1.5.0.202011040924/tools/bin/../lib/gcc/arm-none-eabi/9.3.1/../../../../arm-none-eabi/lib/thumb/v7-m/nofp\libc_nano.a(lib_a-utoa.o)
                              c:/st/stm32cubeide_1.6.1/stm32cubeide/plugins/com.st.stm32cube.ide.mcu.externaltools.gnu-tools-for-stm32.9-2020-q2-update.win32_1.5.0.202011040924/tools/bin/../lib/gcc/arm-none-eabi/9.3.1/../../../../arm-none-eabi/lib/thumb/v7-m/nofp\libc_nano.a(lib_a-itoa.o) (__utoa)
c:/st/stm32cubeide_1.6.1/stm32cubeide/plugins/com.st.stm32cube.ide.mcu.externaltools.gnu-tools-for-stm32.9-2020-q2-update.win32_1.5.0.202011040924/tools/bin/../lib/gcc/arm-none-eabi/9.3.1/../../../../arm-none-eabi/lib/thumb/v7-m/nofp\libc_nano.a(lib_a-nano-svfprintf.o)
                              c:/st/stm32cubeide_1.6.1/stm32cubeide/plugins/com.st.stm32cube.ide.mcu.externaltools.gnu-tools-for-stm32.9-2020-q2-update.win32_1.5.0.202011040924/tools/bin/../lib/gcc/arm-none-eabi/9.3.1/../../../../arm-none-eabi/lib/thumb/v7-m/nofp\libc_nano.a(lib_a-sprintf.o) (_svfprintf_r)
c:/st/stm32cubeide_1.6.1/stm32cubeide/plugins/com.st.stm32cube.ide.mcu.externaltools.gnu-tools-for-stm32.9-2020-q2-update.win32_1.5.0.202011040924/tools/bin/../lib/gcc/arm-none-eabi/9.3.1/../../../../arm-none-eabi/lib/thumb/v7-m/nofp\libc_nano.a(lib_a-nano-vfprintf_i.o)
                              c:/st/stm32cubeide_1.6.1/stm32cubeide/plugins/com.st.stm32cube.ide.mcu.externaltools.gnu-tools-for-stm32.9-2020-q2-update.win32_1.5.0.202011040924/tools/bin/../lib/gcc/arm-none-eabi/9.3.1/../../../../arm-none-eabi/lib/thumb/v7-m/nofp\libc_nano.a(lib_a-nano-svfprintf.o) (_printf_i)
[...]
Memory Configuration

Name             Origin             Length             Attributes
RAM              0x0000000020000000 0x0000000000005000 xrw
FLASH            0x0000000008000000 0x0000000000010000 xr
*default*        0x0000000000000000 0xffffffffffffffff

Linker script and memory map

LOAD c:/st/stm32cubeide_1.6.1/stm32cubeide/plugins/com.st.stm32cube.ide.mcu.externaltools.gnu-tools-for-stm32.9-2020-q2-update.win32_1.5.0.202011040924/tools/bin/../lib/gcc/arm-none-eabi/9.3.1/thumb/v7-m/nofp/crti.o
LOAD c:/st/stm32cubeide_1.6.1/stm32cubeide/plugins/com.st.stm32cube.ide.mcu.externaltools.gnu-tools-for-stm32.9-2020-q2-update.win32_1.5.0.202011040924/tools/bin/../lib/gcc/arm-none-eabi/9.3.1/thumb/v7-m/nofp/crtbegin.o
LOAD c:/st/stm32cubeide_1.6.1/stm32cubeide/plugins/com.st.stm32cube.ide.mcu.externaltools.gnu-tools-for-stm32.9-2020-q2-update.win32_1.5.0.202011040924/tools/bin/../lib/gcc/arm-none-eabi/9.3.1/../../../../arm-none-eabi/lib/thumb/v7-m/nofp/crt0.o
LOAD Src/DIO_PROGRAM.o
LOAD Src/EXTI_program.o
LOAD Src/I2C_program.o
LOAD Src/ILI9341_GFX.o
LOAD Src/ILI9341_STM32_Driver.o
LOAD Src/KPD_program.o
LOAD Src/LCD_program.o
LOAD Src/NVIC_program.o
LOAD Src/OS_program.o
LOAD Src/PB_Config.o
LOAD Src/PB_program.o
LOAD Src/RCC_program.o
LOAD Src/RTOS_program.o
LOAD Src/SPI_program.o
LOAD Src/STK_program.o
LOAD Src/T2DELAY_program.o
LOAD Src/USART_program.o
LOAD Src/fonts.o
LOAD Src/main.o
LOAD Src/syscalls.o
LOAD Src/sysmem.o
LOAD Startup/startup_stm32f103c8tx.o
START GROUP
LOAD c:/st/stm32cubeide_1.6.1/stm32cubeide/plugins/com.st.stm32cube.ide.mcu.externaltools.gnu-tools-for-stm32.9-2020-q2-update.win32_1.5.0.202011040924/tools/bin/../lib/gcc/arm-none-eabi/9.3.1/../../../../arm-none-eabi/lib/thumb/v7-m/nofp\libc_nano.a
LOAD c:/st/stm32cubeide_1.6.1/stm32cubeide/plugins/com.st.stm32cube.ide.mcu.externaltools.gnu-tools-for-stm32.9-2020-q2-update.win32_1.5.0.202011040924/tools/bin/../lib/gcc/arm-none-eabi/9.3.1/../../../../arm-none-eabi/lib/thumb/v7-m/nofp\libm.a
END GROUP
START GROUP
LOAD c:/st/stm32cubeide_1.6.1/stm32cubeide/plugins/com.st.stm32cube.ide.mcu.externaltools.gnu-tools-for-stm32.9-2020-q2-update.win32_1.5.0.202011040924/tools/bin/../lib/gcc/arm-none-eabi/9.3.1/thumb/v7-m/nofp\libgcc.a
LOAD c:/st/stm32cubeide_1.6.1/stm32cubeide/plugins/com.st.stm32cube.ide.mcu.externaltools.gnu-tools-for-stm32.9-2020-q2-update.win32_1.5.0.202011040924/tools/bin/../lib/gcc/arm-none-eabi/9.3.1/../../../../arm-none-eabi/lib/thumb/v7-m/nofp\libg_nano.a
LOAD c:/st/stm32cubeide_1.6.1/stm32cubeide/plugins/com.st.stm32cube.ide.mcu.externaltools.gnu-tools-for-stm32.9-2020-q2-update.win32_1.5.0.202011040924/tools/bin/../lib/gcc/arm-none-eabi/9.3.1/../../../../arm-none-eabi/lib/thumb/v7-m/nofp\libc_nano.a
END GROUP
START GROUP
LOAD c:/st/stm32cubeide_1.6.1/stm32cubeide/plugins/com.st.stm32cube.ide.mcu.externaltools.gnu-tools-for-stm32.9-2020-q2-update.win32_1.5.0.202011040924/tools/bin/../lib/gcc/arm-none-eabi/9.3.1/thumb/v7-m/nofp\libgcc.a
LOAD c:/st/stm32cubeide_1.6.1/stm32cubeide/plugins/com.st.stm32cube.ide.mcu.externaltools.gnu-tools-for-stm32.9-2020-q2-update.win32_1.5.0.202011040924/tools/bin/../lib/gcc/arm-none-eabi/9.3.1/../../../../arm-none-eabi/lib/thumb/v7-m/nofp\libc_nano.a
LOAD c:/st/stm32cubeide_1.6.1/stm32cubeide/plugins/com.st.stm32cube.ide.mcu.externaltools.gnu-tools-for-stm32.9-2020-q2-update.win32_1.5.0.202011040924/tools/bin/../lib/gcc/arm-none-eabi/9.3.1/../../../../arm-none-eabi/lib/thumb/v7-m/nofp\libnosys.a
END GROUP
START GROUP
LOAD c:/st/stm32cubeide_1.6.1/stm32cubeide/plugins/com.st.stm32cube.ide.mcu.externaltools.gnu-tools-for-stm32.9-2020-q2-update.win32_1.5.0.202011040924/tools/bin/../lib/gcc/arm-none-eabi/9.3.1/thumb/v7-m/nofp\libgcc.a
LOAD c:/st/stm32cubeide_1.6.1/stm32cubeide/plugins/com.st.stm32cube.ide.mcu.externaltools.gnu-tools-for-stm32.9-2020-q2-update.win32_1.5.0.202011040924/tools/bin/../lib/gcc/arm-none-eabi/9.3.1/../../../../arm-none-eabi/lib/thumb/v7-m/nofp\libc_nano.a
LOAD c:/st/stm32cubeide_1.6.1/stm32cubeide/plugins/com.st.stm32cube.ide.mcu.externaltools.gnu-tools-for-stm32.9-2020-q2-update.win32_1.5.0.202011040924/tools/bin/../lib/gcc/arm-none-eabi/9.3.1/../../../../arm-none-eabi/lib/thumb/v7-m/nofp\libnosys.a
END GROUP
LOAD c:/st/stm32cubeide_1.6.1/stm32cubeide/plugins/com.st.stm32cube.ide.mcu.externaltools.gnu-tools-for-stm32.9-2020-q2-update.win32_1.5.0.202011040924/tools/bin/../lib/gcc/arm-none-eabi/9.3.1/thumb/v7-m/nofp/crtend.o
LOAD c:/st/stm32cubeide_1.6.1/stm32cubeide/plugins/com.st.stm32cube.ide.mcu.externaltools.gnu-tools-for-stm32.9-2020-q2-update.win32_1.5.0.202011040924/tools/bin/../lib/gcc/arm-none-eabi/9.3.1/thumb/v7-m/nofp/crtn.o
                0x0000000020005000                _estack = (ORIGIN (RAM) + LENGTH (RAM))
                0x0000000000000200                _Min_Heap_Size = 0x200
                0x0000000000000400                _Min_Stack_Size = 0x400

.isr_vector     0x0000000008000000      0x130
                0x0000000008000000                . = ALIGN (0x4)
 *(.isr_vector)
 .isr_vector    0x0000000008000000      0x130 Startup/startup_stm32f103c8tx.o
                0x0000000008000000                g_pfnVectors
                0x0000000008000130                . = ALIGN (0x4)

.text           0x0000000008000130     0x14e0
                0x0000000008000130                . = ALIGN (0x4)
 *(.text)
 .text          0x0000000008000130       0x40 c:/st/stm32cubeide_1.6.1/stm32cubeide/plugins/com.st.stm32cube.ide.mcu.externaltools.gnu-tools-for-stm32.9-2020-q2-update.win32_1.5.0.202011040924/tools/bin/../lib/gcc/arm-none-eabi/9.3.1/thumb/v7-m/nofp/crtbegin.o
 .text          0x0000000008000170      0x168 c:/st/stm32cubeide_1.6.1/stm32cubeide/plugins/com.st.stm32cube.ide.mcu.externaltools.gnu-tools-for-stm32.9-2020-q2-update.win32_1.5.0.202011040924/tools/bin/../lib/gcc/arm-none-eabi/9.3.1/thumb/v7-m/nofp\libgcc.a(_arm_mulsf3.o)
                0x0000000008000170                __aeabi_fmul
                0x0000000008000170                __mulsf3
 .text          0x00000000080002d8      0x21c c:/st/stm32cubeide_1.6.1/stm32cubeide/plugins/com.st.stm32cube.ide.mcu.externaltools.gnu-tools-for-stm32.9-2020-q2-update.win32_1.5.0.202011040924/tools/bin/../lib/gcc/arm-none-eabi/9.3.1/thumb/v7-m/nofp\libgcc.a(_arm_addsubsf3.o)
                0x00000000080002d8                __aeabi_frsub
                0x00000000080002e0                __subsf3
                0x00000000080002e0                __aeabi_fsub
                0x00000000080002e4                __aeabi_fadd
                0x00000000080002e4                __addsf3
                0x0000000008000444                __aeabi_ui2f
                0x0000000008000444                __floatunsisf
                0x000000000800044c                __aeabi_i2f
                0x000000000800044c                __floatsisf
                0x0000000008000468                __aeabi_ul2f
                0x0000000008000468                __floatundisf
                0x0000000008000478                __aeabi_l2f
                0x0000000008000478                __floatdisf
 .text          0x00000000080004f4       0xec c:/st/stm32cubeide_1.6.1/stm32cubeide/plugins/com.st.stm32cube.ide.mcu.externaltools.gnu-tools-for-stm32.9-2020-q2-update.win32_1.5.0.202011040924/tools/bin/../lib/gcc/arm-none-eabi/9.3.1/thumb/v7-m/nofp\libgcc.a(_arm_cmpsf2.o)
                0x00000000080004f4                __gesf2
                0x00000000080004f4                __gtsf2
                0x00000000080004fc                __lesf2
                0x00000000080004fc                __ltsf2
                0x0000000008000504                __nesf2
                0x0000000008000504                __eqsf2
                0x0000000008000504                __cmpsf2
                0x0000000008000564                __aeabi_cfrcmple
                0x000000000800056c                __aeabi_cfcmpeq
                0x000000000800056c                __aeabi_cfcmple
                0x000000000800057c                __aeabi_fcmpeq
                0x0000000008000590                __aeabi_fcmplt
                0x00000000080005a4                __aeabi_fcmple
                0x00000000080005b8                __aeabi_fcmpge
                0x00000000080005cc                __aeabi_fcmpgt
 .text          0x00000000080005e0       0x40 c:/st/stm32cubeide_1.6.1/stm32cubeide/plugins/com.st.stm32cube.ide.mcu.externaltools.gnu-tools-for-stm32.9-2020-q2-update.win32_1.5.0.202011040924/tools/bin/../lib/gcc/arm-none-eabi/9.3.1/thumb/v7-m/nofp\libgcc.a(_arm_fixunssfsi.o)
                0x00000000080005e0                __fixunssfsi
                0x00000000080005e0                __aeabi_f2uiz
 *(.text*)
 .text.MGPIO_voidSetPinDirection
                0x0000000008000620      0x1bc Src/DIO_PROGRAM.o
                0x0000000008000620                MGPIO_voidSetPinDirection
 .text.MGPIO_voidSetPinValue
                0x00000000080007dc       0xf4 Src/DIO_PROGRAM.o
                0x00000000080007dc                MGPIO_voidSetPinValue
 .text.EXTI0_IRQHandler
                0x00000000080008d0       0x14 Src/EXTI_program.o
                0x00000000080008d0                EXTI0_IRQHandler
 .text.EXTI1_IRQHandler
                0x00000000080008e4       0x14 Src/EXTI_program.o
                0x00000000080008e4                EXTI1_IRQHandler
 .text.MNVIC_voidEnableInterrupt
                0x00000000080008f8       0x44 Src/NVIC_program.o
                0x00000000080008f8                MNVIC_voidEnableInterrupt
 .text.MRCC_voidInit
                0x000000000800093c       0x38 Src/RCC_program.o
                0x000000000800093c                MRCC_voidInit
 .text.MRCC_voidPerClock_State
                0x0000000008000974       0xf0 Src/RCC_program.o
                0x0000000008000974                MRCC_voidPerClock_State
 .text.MRCC_voidClkEnable
                0x0000000008000a64       0x58 Src/RCC_program.o
                0x0000000008000a64                MRCC_voidClkEnable
 .text.MRCC_voidClkDisable
                0x0000000008000abc       0x58 Src/RCC_program.o
                0x0000000008000abc                MRCC_voidClkDisable
 .text.MRCC_u8CheckClockReady
                0x0000000008000b14       0x64 Src/RCC_program.o
                0x0000000008000b14                MRCC_u8CheckClockReady
 .text.MRCC_voidSetClkSource
                0x0000000008000b78       0x7c Src/RCC_program.o
                0x0000000008000b78                MRCC_voidSetClkSource
 .text.MRCC_voidSetBusesPrescaler
                0x0000000008000bf4       0x60 Src/RCC_program.o
                0x0000000008000bf4                MRCC_voidSetBusesPrescaler
 .text.SPI1_IRQHandler
                0x0000000008000c54       0x40 Src/SPI_program.o
                0x0000000008000c54                SPI1_IRQHandler
 .text.SPI2_IRQHandler
                0x0000000008000c94       0x40 Src/SPI_program.o
                0x0000000008000c94                SPI2_IRQHandler
 .text.MSTK_voidInit
                0x0000000008000cd4       0x18 Src/STK_program.o
                0x0000000008000cd4                MSTK_voidInit
 .text.SysTick_Handler
                0x0000000008000cec       0x5c Src/STK_program.o
                0x0000000008000cec                SysTick_Handler
 .text.MUSART_voidInit
                0x0000000008000d48      0x114 Src/USART_program.o
                0x0000000008000d48                MUSART_voidInit
 .text.MUSART_voidSetBaudrateRegister
                0x0000000008000e5c       0xcc Src/USART_program.o
                0x0000000008000e5c                MUSART_voidSetBaudrateRegister
 .text.MUSART_voidTransmitCharacter
                0x0000000008000f28       0x60 Src/USART_program.o
                0x0000000008000f28                MUSART_voidTransmitCharacter
 .text.MUSART_u8GetRecievedValue
                0x0000000008000f88      0x160 Src/USART_program.o
                0x0000000008000f88                MUSART_u8GetRecievedValue
 .text.MUSART_u8IsRecieveBufferAvailable
                0x00000000080010e8      0x1a8 Src/USART_program.o
                0x00000000080010e8                MUSART_u8IsRecieveBufferAvailable
 .text.MUSART_voidEnableUSART_RecieveInterrupt
                0x0000000008001290       0x30 Src/USART_program.o
                0x0000000008001290                MUSART_voidEnableUSART_RecieveInterrupt
 .text.USART1_IRQHandler
                0x00000000080012c0       0x70 Src/USART_program.o
                0x00000000080012c0                USART1_IRQHandler
 .text.USART2_IRQHandler
                0x0000000008001330       0x70 Src/USART_program.o
                0x0000000008001330                USART2_IRQHandler
 .text.USART3_IRQHandler
                0x00000000080013a0       0x70 Src/USART_program.o
                0x00000000080013a0                USART3_IRQHandler
 .text.main     0x0000000008001410      0x14c Src/main.o
                0x0000000008001410                main
 .text.Reset_Handler
                0x000000000800155c       0x50 Startup/startup_stm32f103c8tx.o
                0x000000000800155c                Reset_Handler
 .text.Default_Handler
                0x00000000080015ac        0x2 Startup/startup_stm32f103c8tx.o
                0x00000000080015ac                EXTI2_IRQHandler
                0x00000000080015ac                TIM8_TRG_COM_IRQHandler
                0x00000000080015ac                TIM8_CC_IRQHandler
                0x00000000080015ac                DebugMon_Handler
                0x00000000080015ac                TIM1_CC_IRQHandler
                0x00000000080015ac                HardFault_Handler
                0x00000000080015ac                TIM6_IRQHandler
                0x00000000080015ac                PVD_IRQHandler
                0x00000000080015ac                SDIO_IRQHandler
                0x00000000080015ac                PendSV_Handler
                0x00000000080015ac                NMI_Handler
                0x00000000080015ac                EXTI3_IRQHandler
                0x00000000080015ac                USB_HP_CAN_TX_IRQHandler
                0x00000000080015ac                I2C2_EV_IRQHandler
                0x00000000080015ac                UsageFault_Handler
                0x00000000080015ac                ADC1_2_IRQHandler
                0x00000000080015ac                CAN_SCE_IRQHandler
                0x00000000080015ac                TAMPER_IRQHandler
                0x00000000080015ac                TIM8_UP_IRQHandler
                0x00000000080015ac                DMA2_Channel2_IRQHandler
                0x00000000080015ac                DMA1_Channel4_IRQHandler
                0x00000000080015ac                RTC_IRQHandler
                0x00000000080015ac                DMA1_Channel7_IRQHandler
                0x00000000080015ac                UART5_IRQHandler
                0x00000000080015ac                ADC3_IRQHandler
                0x00000000080015ac                TIM4_IRQHandler
                0x00000000080015ac                CAN_RX1_IRQHandler
                0x00000000080015ac                DMA2_Channel1_IRQHandler
                0x00000000080015ac                I2C1_EV_IRQHandler
                0x00000000080015ac                DMA1_Channel6_IRQHandler
                0x00000000080015ac                UART4_IRQHandler
                0x00000000080015ac                TIM3_IRQHandler
                0x00000000080015ac                RCC_IRQHandler
                0x00000000080015ac                TIM1_TRG_COM_IRQHandler
                0x00000000080015ac                DMA1_Channel1_IRQHandler
                0x00000000080015ac                Default_Handler
                0x00000000080015ac                EXTI15_10_IRQHandler
                0x00000000080015ac                TIM7_IRQHandler
                0x00000000080015ac                TIM5_IRQHandler
                0x00000000080015ac                EXTI9_5_IRQHandler
                0x00000000080015ac                USB_LP_CAN_RX0_IRQHandler
                0x00000000080015ac                MemManage_Handler
                0x00000000080015ac                SVC_Handler
                0x00000000080015ac                DMA1_Channel5_IRQHandler
                0x00000000080015ac                EXTI4_IRQHandler
                0x00000000080015ac                DMA1_Channel3_IRQHandler
                0x00000000080015ac                FSMC_IRQHandler
                0x00000000080015ac                TIM1_UP_IRQHandler
                0x00000000080015ac                WWDG_IRQHandler
                0x00000000080015ac                TIM2_IRQHandler
                0x00000000080015ac                TIM1_BRK_IRQHandler
                0x00000000080015ac                RTCAlarm_IRQHandler
                0x00000000080015ac                DMA2_Channel4_5_IRQHandler
                0x00000000080015ac                I2C2_ER_IRQHandler
                0x00000000080015ac                DMA1_Channel2_IRQHandler
                0x00000000080015ac                TIM8_BRK_IRQHandler
                0x00000000080015ac                FLASH_IRQHandler
                0x00000000080015ac                BusFault_Handler
                0x00000000080015ac                SPI3_IRQHandler
                0x00000000080015ac                I2C1_ER_IRQHandler
                0x00000000080015ac                DMA2_Channel3_IRQHandler
 *fill*         0x00000000080015ae        0x2 
 .text.__libc_init_array
                0x00000000080015b0       0x48 c:/st/stm32cubeide_1.6.1/stm32cubeide/plugins/com.st.stm32cube.ide.mcu.externaltools.gnu-tools-for-stm32.9-2020-q2-update.win32_1.5.0.202011040924/tools/bin/../lib/gcc/arm-none-eabi/9.3.1/../../../../arm-none-eabi/lib/thumb/v7-m/nofp\libc_nano.a(lib_a-init.o)
                0x00000000080015b0                __libc_init_array
 *(.glue_7)
 .glue_7        0x00000000080015f8        0x0 linker stubs
 *(.glue_7t)
 .glue_7t       0x00000000080015f8        0x0 linker stubs
 *(.eh_frame)
 .eh_frame      0x00000000080015f8        0x0 c:/st/stm32cubeide_1.6.1/stm32cubeide/plugins/com.st.stm32cube.ide.mcu.externaltools.gnu-tools-for-stm32.9-2020-q2-update.win32_1.5.0.202011040924/tools/bin/../lib/gcc/arm-none-eabi/9.3.1/thumb/v7-m/nofp/crtbegin.o
 *(.init)
 .init          0x00000000080015f8        0x4 c:/st/stm32cubeide_1.6.1/stm32cubeide/plugins/com.st.stm32cube.ide.mcu.externaltools.gnu-tools-for-stm32.9-2020-q2-update.win32_1.5.0.202011040924/tools/bin/../lib/gcc/arm-none-eabi/9.3.1/thumb/v7-m/nofp/crti.o
                0x00000000080015f8                _init
 .init          0x00000000080015fc        0x8 c:/st/stm32cubeide_1.6.1/stm32cubeide/plugins/com.st.stm32cube.ide.mcu.externaltools.gnu-tools-for-stm32.9-2020-q2-update.win32_1.5.0.202011040924/tools/bin/../lib/gcc/arm-none-eabi/9.3.1/thumb/v7-m/nofp/crtn.o
 *(.fini)
 .fini          0x0000000008001604        0x4 c:/st/stm32cubeide_1.6.1/stm32cubeide/plugins/com.st.stm32cube.ide.mcu.externaltools.gnu-tools-for-stm32.9-2020-q2-update.win32_1.5.0.202011040924/tools/bin/../lib/gcc/arm-none-eabi/9.3.1/thumb/v7-m/nofp/crti.o
                0x0000000008001604                _fini
 .fini          0x0000000008001608        0x8 c:/st/stm32cubeide_1.6.1/stm32cubeide/plugins/com.st.stm32cube.ide.mcu.externaltools.gnu-tools-for-stm32.9-2020-q2-update.win32_1.5.0.202011040924/tools/bin/../lib/gcc/arm-none-eabi/9.3.1/thumb/v7-m/nofp/crtn.o
                0x0000000008001610                . = ALIGN (0x4)
                0x0000000008001610                _etext = .

.vfp11_veneer   0x0000000008001610        0x0
 .vfp11_veneer  0x0000000008001610        0x0 linker stubs

.v4_bx          0x0000000008001610        0x0
 .v4_bx         0x0000000008001610        0x0 linker stubs

.iplt           0x0000000008001610        0x0
 .iplt          0x0000000008001610        0x0 c:/st/stm32cubeide_1.6.1/stm32cubeide/plugins/com.st.stm32cube.ide.mcu.externaltools.gnu-tools-for-stm32.9-2020-q2-update.win32_1.5.0.202011040924/tools/bin/../lib/gcc/arm-none-eabi/9.3.1/thumb/v7-m/nofp/crtbegin.o

.rel.dyn        0x0000000008001610        0x0
 .rel.iplt      0x0000000008001610        0x0 c:/st/stm32cubeide_1.6.1/stm32cubeide/plugins/com.st.stm32cube.ide.mcu.externaltools.gnu-tools-for-stm32.9-2020-q2-update.win32_1.5.0.202011040924/tools/bin/../lib/gcc/arm-none-eabi/9.3.1/thumb/v7-m/nofp/crtbegin.o

.rodata         0x0000000008001610        0x0
                0x0000000008001610                . = ALIGN (0x4)
 *(.rodata)
 *(.rodata*)
                0x0000000008001610                . = ALIGN (0x4)

.ARM.extab      0x0000000008001610        0x0
                0x0000000008001610                . = ALIGN (0x4)
 *(.ARM.extab* .gnu.linkonce.armextab.*)
                0x0000000008001610                . = ALIGN (0x4)

.ARM            0x0000000008001610        0x0
                0x0000000008001610                . = ALIGN (0x4)
                0x0000000008001610                __exidx_start = .
 *(.ARM.exidx*)
                0x0000000008001610                __exidx_end = .
                0x0000000008001610                . = ALIGN (0x4)

.preinit_array  0x0000000008001610        0x0
                0x0000000008001610                . = ALIGN (0x4)
                0x0000000008001610                PROVIDE (__preinit_array_start = .)
 *(.preinit_array*)
                0x0000000008001610                PROVIDE (__preinit_array_end = .)
                0x0000000008001610                . = ALIGN (0x4)

.init_array     0x0000000008001610        0x4
                0x0000000008001610                . = ALIGN (0x4)
                0x0000000008001610                PROVIDE (__init_array_start = .)
 *(SORT_BY_NAME(.init_array.*))
 *(.init_array*)
 .init_array    0x0000000008001610        0x4 c:/st/stm32cubeide_1.6.1/stm32cubeide/plugins/com.st.stm32cube.ide.mcu.externaltools.gnu-tools-for-stm32.9-2020-q2-update.win32_1.5.0.202011040924/tools/bin/../lib/gcc/arm-none-eabi/9.3.1/thumb/v7-m/nofp/crtbegin.o
                0x0000000008001614                PROVIDE (__init_array_end = .)
                0x0000000008001614                . = ALIGN (0x4)

.fini_array     0x0000000008001614        0x4
                0x0000000008001614                . = ALIGN (0x4)
                [!provide]                        PROVIDE (__fini_array_start = .)
 *(SORT_BY_NAME(.fini_array.*))
 *(.fini_array*)
 .fini_array    0x0000000008001614        0x4 c:/st/stm32cubeide_1.6.1/stm32cubeide/plugins/com.st.stm32cube.ide.mcu.externaltools.gnu-tools-for-stm32.9-2020-q2-update.win32_1.5.0.202011040924/tools/bin/../lib/gcc/arm-none-eabi/9.3.1/thumb/v7-m/nofp/crtbegin.o
                [!provide]                        PROVIDE (__fini_array_end = .)
                0x0000000008001618                . = ALIGN (0x4)
                0x0000000008001618                _sidata = LOADADDR (.data)

.data           0x0000000020000000       0x20 load address 0x0000000008001618
                0x0000000020000000                . = ALIGN (0x4)
                0x0000000020000000                _sdata = .
 *(.data)
 *(.data*)
 .data.SPI      0x0000000020000000        0x8 Src/SPI_program.o
                0x0000000020000000                SPI
 .data.USART    0x0000000020000008        0xc Src/USART_program.o
                0x0000000020000008                USART
 .data.GlobalUSART1_s16RecievedFront
                0x0000000020000014        0x2 Src/USART_program.o
                0x0000000020000014                GlobalUSART1_s16RecievedFront
 .data.GlobalUSART1_s16RecievedRear
                0x0000000020000016        0x2 Src/USART_program.o
                0x0000000020000016                GlobalUSART1_s16RecievedRear
 .data.GlobalUSART2_s16RecievedFront
                0x0000000020000018        0x2 Src/USART_program.o
                0x0000000020000018                GlobalUSART2_s16RecievedFront
 .data.GlobalUSART2_s16RecievedRear
                0x000000002000001a        0x2 Src/USART_program.o
                0x000000002000001a                GlobalUSART2_s16RecievedRear
 .data.GlobalUSART3_s16RecievedFront
                0x000000002000001c        0x2 Src/USART_program.o
                0x000000002000001c                GlobalUSART3_s16RecievedFront
 .data.GlobalUSART3_s16RecievedRear
                0x000000002000001e        0x2 Src/USART_program.o
                0x000000002000001e                GlobalUSART3_s16RecievedRear
 *(.RamFunc)
 *(.RamFunc*)
                0x0000000020000020                . = ALIGN (0x4)
                0x0000000020000020                _edata = .

.igot.plt       0x0000000020000020        0x0 load address 0x0000000008001638
 .igot.plt      0x0000000020000020        0x0 c:/st/stm32cubeide_1.6.1/stm32cubeide/plugins/com.st.stm32cube.ide.mcu.externaltools.gnu-tools-for-stm32.9-2020-q2-update.win32_1.5.0.202011040924/tools/bin/../lib/gcc/arm-none-eabi/9.3.1/thumb/v7-m/nofp/crtbegin.o
                0x0000000020000020                . = ALIGN (0x4)

.bss            0x0000000020000020      0xbec load address 0x0000000008001638
                0x0000000020000020                _sbss = .
                0x0000000020000020                __bss_start__ = _sbss
 *(.bss)
 .bss           0x0000000020000020       0x1c c:/st/stm32cubeide_1.6.1/stm32cubeide/plugins/com.st.stm32cube.ide.mcu.externaltools.gnu-tools-for-stm32.9-2020-q2-update.win32_1.5.0.202011040924/tools/bin/../lib/gcc/arm-none-eabi/9.3.1/thumb/v7-m/nofp/crtbegin.o
 *(.bss*)
 .bss.EXTI0_CallBack
                0x000000002000003c        0x4 Src/EXTI_program.o
 .bss.EXTI1_CallBack
                0x0000000020000040        0x4 Src/EXTI_program.o
 .bss.SysTick_CallBack
                0x0000000020000044        0x4 Src/STK_program.o
 .bss.MSTK_u8ModeOfInterval
                0x0000000020000048        0x1 Src/STK_program.o
 *(COMMON)
 *fill*         0x0000000020000049        0x3 
 COMMON         0x000000002000004c        0x8 Src/SPI_program.o
                0x000000002000004c                callBackFunc
 COMMON         0x0000000020000054      0xbb8 Src/USART_program.o
                0x0000000020000054                GlobalUSART2_u8RecievedValue
                0x000000002000043c                GlobalUSART3_u8RecievedValue
                0x0000000020000824                GlobalUSART1_u8RecievedValue
                0x0000000020000c0c                . = ALIGN (0x4)
                0x0000000020000c0c                _ebss = .
                0x0000000020000c0c                __bss_end__ = _ebss

._user_heap_stack
                0x0000000020000c0c      0x604 load address 0x0000000008001638
                0x0000000020000c10                . = ALIGN (0x8)
 *fill*         0x0000000020000c0c        0x4 
                [!provide]                        PROVIDE (end = .)
                0x0000000020000c10                PROVIDE (_end = .)
                0x0000000020000e10                . = (. + _Min_Heap_Size)
 *fill*         0x0000000020000c10      0x200 
                0x0000000020001210                . = (. + _Min_Stack_Size)
 *fill*         0x0000000020000e10      0x400 
                0x0000000020001210                . = ALIGN (0x8)

/DISCARD/
 libc.a(*)
 libm.a(*)
 libgcc.a(*)

.ARM.attributes
                0x0000000000000000       0x29
 *(.ARM.attributes)
 .ARM.attributes
                0x0000000000000000       0x1d c:/st/stm32cubeide_1.6.1/stm32cubeide/plugins/com.st.stm32cube.ide.mcu.externaltools.gnu-tools-for-stm32.9-2020-q2-update.win32_1.5.0.202011040924/tools/bin/../lib/gcc/arm-none-eabi/9.3.1/thumb/v7-m/nofp/crti.o
 .ARM.attributes
                0x000000000000001d       0x2d c:/st/stm32cubeide_1.6.1/stm32cubeide/plugins/com.st.stm32cube.ide.mcu.externaltools.gnu-tools-for-stm32.9-2020-q2-update.win32_1.5.0.202011040924/tools/bin/../lib/gcc/arm-none-eabi/9.3.1/thumb/v7-m/nofp/crtbegin.o
 .ARM.attributes
                0x000000000000004a       0x2d Src/DIO_PROGRAM.o
 .ARM.attributes
                0x0000000000000077       0x2d Src/EXTI_program.o
 .ARM.attributes
                0x00000000000000a4       0x2d Src/NVIC_program.o
 .ARM.attributes
                0x00000000000000d1       0x2d Src/RCC_program.o
 .ARM.attributes
                0x00000000000000fe       0x2d Src/SPI_program.o
 .ARM.attributes
                0x000000000000012b       0x2d Src/STK_program.o
 .ARM.attributes
                0x0000000000000158       0x2d Src/USART_program.o
 .ARM.attributes
                0x0000000000000185       0x2d Src/main.o
 .ARM.attributes
                0x00000000000001b2       0x21 Startup/startup_stm32f103c8tx.o
 .ARM.attributes
                0x00000000000001d3       0x2d c:/st/stm32cubeide_1.6.1/stm32cubeide/plugins/com.st.stm32cube.ide.mcu.externaltools.gnu-tools-for-stm32.9-2020-q2-update.win32_1.5.0.202011040924/tools/bin/../lib/gcc/arm-none-eabi/9.3.1/../../../../arm-none-eabi/lib/thumb/v7-m/nofp\libc_nano.a(lib_a-init.o)
 .ARM.attributes
                0x0000000000000200       0x1d c:/st/stm32cubeide_1.6.1/stm32cubeide/plugins/com.st.stm32cube.ide.mcu.externaltools.gnu-tools-for-stm32.9-2020-q2-update.win32_1.5.0.202011040924/tools/bin/../lib/gcc/arm-none-eabi/9.3.1/thumb/v7-m/nofp\libgcc.a(_arm_mulsf3.o)
 .ARM.attributes
                0x000000000000021d       0x1d c:/st/stm32cubeide_1.6.1/stm32cubeide/plugins/com.st.stm32cube.ide.mcu.externaltools.gnu-tools-for-stm32.9-2020-q2-update.win32_1.5.0.202011040924/tools/bin/../lib/gcc/arm-none-eabi/9.3.1/thumb/v7-m/nofp\libgcc.a(_arm_addsubsf3.o)
 .ARM.attributes
                0x000000000000023a       0x1d c:/st/stm32cubeide_1.6.1/stm32cubeide/plugins/com.st.stm32cube.ide.mcu.externaltools.gnu-tools-for-stm32.9-2020-q2-update.win32_1.5.0.202011040924/tools/bin/../lib/gcc/arm-none-eabi/9.3.1/thumb/v7-m/nofp\libgcc.a(_arm_cmpsf2.o)
 .ARM.attributes
                0x0000000000000257       0x1d c:/st/stm32cubeide_1.6.1/stm32cubeide/plugins/com.st.stm32cube.ide.mcu.externaltools.gnu-tools-for-stm32.9-2020-q2-update.win32_1.5.0.202011040924/tools/bin/../lib/gcc/arm-none-eabi/9.3.1/thumb/v7-m/nofp\libgcc.a(_arm_fixunssfsi.o)
 .ARM.attributes
                0x0000000000000274       0x1d c:/st/stm32cubeide_1.6.1/stm32cubeide/plugins/com.st.stm32cube.ide.mcu.externaltools.gnu-tools-for-stm32.9-2020-q2-update.win32_1.5.0.202011040924/tools/bin/../lib/gcc/arm-none-eabi/9.3.1/thumb/v7-m/nofp/crtn.o
OUTPUT(USART_BUFFER.elf elf32-littlearm)
LOAD linker stubs
LOAD c:/st/stm32cubeide_1.6.1/stm32cubeide/plugins/com.st.stm32cube.ide.mcu.externaltools.gnu-tools-for-stm32.9-2020-q2-update.win32_1.5.0.202011040924/tools/bin/../lib/gcc/arm-none-eabi/9.3.1/../../../../arm-none-eabi/lib/thumb/v7-m/nofp\libc.a
LOAD c:/st/stm32cubeide_1.6.1/stm32cubeide/plugins/com.st.stm32cube.ide.mcu.externaltools.gnu-tools-for-stm32.9-2020-q2-update.win32_1.5.0.202011040924/tools/bin/../lib/gcc/arm-none-eabi/9.3.1/../../../../arm-none-eabi/lib/thumb/v7-m/nofp\libm.a
LOAD c:/st/stm32cubeide_1.6.1/stm32cubeide/plugins/com.st.stm32cube.ide.mcu.externaltools.gnu-tools-for-stm32.9-2020-q2-update.win32_1.5.0.202011040924/tools/bin/../lib/gcc/arm-none-eabi/9.3.1/thumb/v7-m/nofp\libgcc.a

.debug_info     0x0000000000000000     0x1c39
 .debug_info    0x0000000000000000      0x479 Src/DIO_PROGRAM.o
 .debug_info    0x0000000000000479      0x248 Src/EXTI_program.o
 .debug_info    0x00000000000006c1      0x3b1 Src/NVIC_program.o
 .debug_info    0x0000000000000a72      0x34e Src/RCC_program.o
 .debug_info    0x0000000000000dc0      0x36d Src/SPI_program.o
 .debug_info    0x000000000000112d      0x251 Src/STK_program.o
 .debug_info    0x000000000000137e      0x58f Src/USART_program.o
 .debug_info    0x000000000000190d      0x30a Src/main.o
 .debug_info    0x0000000000001c17       0x22 Startup/startup_stm32f103c8tx.o

.debug_abbrev   0x0000000000000000      0x93c
 .debug_abbrev  0x0000000000000000      0x144 Src/DIO_PROGRAM.o
 .debug_abbrev  0x0000000000000144      0x10d Src/EXTI_program.o
 .debug_abbrev  0x0000000000000251       0xdd Src/NVIC_program.o
 .debug_abbrev  0x000000000000032e      0x115 Src/RCC_program.o
 .debug_abbrev  0x0000000000000443      0x14e Src/SPI_program.o
 .debug_abbrev  0x0000000000000591      0x115 Src/STK_program.o
 .debug_abbrev  0x00000000000006a6      0x1cd Src/USART_program.o
 .debug_abbrev  0x0000000000000873       0xb7 Src/main.o
 .debug_abbrev  0x000000000000092a       0x12 Startup/startup_stm32f103c8tx.o

.debug_loc      0x0000000000000000     0x1488
 .debug_loc     0x0000000000000000      0x368 Src/DIO_PROGRAM.o
 .debug_loc     0x0000000000000368      0x268 Src/EXTI_program.o
 .debug_loc     0x00000000000005d0      0x2c8 Src/NVIC_program.o
 .debug_loc     0x0000000000000898      0x30c Src/RCC_program.o
 .debug_loc     0x0000000000000ba4      0x210 Src/SPI_program.o
 .debug_loc     0x0000000000000db4      0x2a4 Src/STK_program.o
 .debug_loc     0x0000000000001058      0x3f8 Src/USART_program.o
 .debug_loc     0x0000000000001450       0x38 Src/main.o

.debug_aranges  0x0000000000000000      0x2e0
 .debug_aranges
                0x0000000000000000       0x68 Src/DIO_PROGRAM.o
 .debug_aranges
                0x0000000000000068       0x58 Src/EXTI_program.o
 .debug_aranges
                0x00000000000000c0       0x58 Src/NVIC_program.o
 .debug_aranges
                0x0000000000000118       0x60 Src/RCC_program.o
 .debug_aranges
                0x0000000000000178       0x48 Src/SPI_program.o
 .debug_aranges
                0x00000000000001c0       0x58 Src/STK_program.o
 .debug_aranges
                0x0000000000000218       0x80 Src/USART_program.o
 .debug_aranges
                0x0000000000000298       0x20 Src/main.o
 .debug_aranges
                0x00000000000002b8       0x28 Startup/startup_stm32f103c8tx.o

.debug_ranges   0x0000000000000000      0x258
 .debug_ranges  0x0000000000000000       0x58 Src/DIO_PROGRAM.o
 .debug_ranges  0x0000000000000058       0x48 Src/EXTI_program.o
 .debug_ranges  0x00000000000000a0       0x48 Src/NVIC_program.o
 .debug_ranges  0x00000000000000e8       0x50 Src/RCC_program.o
 .debug_ranges  0x0000000000000138       0x38 Src/SPI_program.o
 .debug_ranges  0x0000000000000170       0x48 Src/STK_program.o
 .debug_ranges  0x00000000000001b8       0x70 Src/USART_program.o
 .debug_ranges  0x0000000000000228       0x10 Src/main.o
 .debug_ranges  0x0000000000000238       0x20 Startup/startup_stm32f103c8tx.o

.debug_macro    0x0000000000000000     0x1381
 .debug_macro   0x0000000000000000       0x41 Src/DIO_PROGRAM.o
 .debug_macro   0x0000000000000041      0xaa2 Src/DIO_PROGRAM.o
 .debug_macro   0x0000000000000ae3       0x10 Src/DIO_PROGRAM.o
 .debug_macro   0x0000000000000af3       0x34 Src/DIO_PROGRAM.o
 .debug_macro   0x0000000000000b27      0x13c Src/DIO_PROGRAM.o
 .debug_macro   0x0000000000000c63       0x88 Src/DIO_PROGRAM.o
 .debug_macro   0x0000000000000ceb       0x3f Src/EXTI_program.o
 .debug_macro   0x0000000000000d2a       0x2e Src/EXTI_program.o
 .debug_macro   0x0000000000000d58       0x10 Src/EXTI_program.o
 .debug_macro   0x0000000000000d68       0x3e Src/NVIC_program.o
 .debug_macro   0x0000000000000da6       0x70 Src/NVIC_program.o
 .debug_macro   0x0000000000000e16       0x28 Src/NVIC_program.o
 .debug_macro   0x0000000000000e3e       0x10 Src/NVIC_program.o
 .debug_macro   0x0000000000000e4e       0x3e Src/RCC_program.o
 .debug_macro   0x0000000000000e8c      0x154 Src/RCC_program.o
 .debug_macro   0x0000000000000fe0       0x70 Src/RCC_program.o
 .debug_macro   0x0000000000001050       0x34 Src/RCC_program.o
 .debug_macro   0x0000000000001084       0x63 Src/SPI_program.o
 .debug_macro   0x00000000000010e7       0x10 Src/SPI_program.o
 .debug_macro   0x00000000000010f7       0xc4 Src/SPI_program.o
 .debug_macro   0x00000000000011bb       0x43 Src/STK_program.o
 .debug_macro   0x00000000000011fe       0x28 Src/STK_program.o
 .debug_macro   0x0000000000001226       0x10 Src/STK_program.o
 .debug_macro   0x0000000000001236       0x59 Src/USART_program.o
 .debug_macro   0x000000000000128f       0x28 Src/USART_program.o
 .debug_macro   0x00000000000012b7       0x70 Src/USART_program.o
 .debug_macro   0x0000000000001327       0x5a Src/main.o

.debug_line     0x0000000000000000     0x1bb3
 .debug_line    0x0000000000000000      0x850 Src/DIO_PROGRAM.o
 .debug_line    0x0000000000000850      0x183 Src/EXTI_program.o
 .debug_line    0x00000000000009d3      0x24d Src/NVIC_program.o
 .debug_line    0x0000000000000c20      0x279 Src/RCC_program.o
 .debug_line    0x0000000000000e99      0x34c Src/SPI_program.o
 .debug_line    0x00000000000011e5      0x213 Src/STK_program.o
 .debug_line    0x00000000000013f8      0x4fa Src/USART_program.o
 .debug_line    0x00000000000018f2      0x23d Src/main.o
 .debug_line    0x0000000000001b2f       0x84 Startup/startup_stm32f103c8tx.o

.debug_str      0x0000000000000000     0x515d
 .debug_str     0x0000000000000000     0x376a Src/DIO_PROGRAM.o
                                       0x37bc (size before relaxing)
 .debug_str     0x000000000000376a      0x1bf Src/EXTI_program.o
                                       0x30ff (size before relaxing)
 .debug_str     0x0000000000003929      0x659 Src/NVIC_program.o
                                       0x3594 (size before relaxing)
 .debug_str     0x0000000000003f82      0x7d9 Src/RCC_program.o
                                       0x3714 (size before relaxing)
 .debug_str     0x000000000000475b      0x2cb Src/SPI_program.o
                                       0x3aa1 (size before relaxing)
 .debug_str     0x0000000000004a26      0x225 Src/STK_program.o
                                       0x317b (size before relaxing)
 .debug_str     0x0000000000004c4b      0x4c9 Src/USART_program.o
                                       0x3cb5 (size before relaxing)
 .debug_str     0x0000000000005114       0x18 Src/main.o
                                       0x3aa6 (size before relaxing)
 .debug_str     0x000000000000512c       0x31 Startup/startup_stm32f103c8tx.o
                                         0x54 (size before relaxing)

.comment        0x0000000000000000       0x53
 .comment       0x0000000000000000       0x53 Src/DIO_PROGRAM.o
                                         0x54 (size before relaxing)
 .comment       0x0000000000000053       0x54 Src/EXTI_program.o
 .comment       0x0000000000000053       0x54 Src/NVIC_program.o
 .comment       0x0000000000000053       0x54 Src/RCC_program.o
 .comment       0x0000000000000053       0x54 Src/SPI_program.o
 .comment       0x0000000000000053       0x54 Src/STK_program.o
 .comment       0x0000000000000053       0x54 Src/USART_program.o
 .comment       0x0000000000000053       0x54 Src/main.o

.debug_frame    0x0000000000000000      0xb54
 .debug_frame   0x0000000000000000      0x198 Src/DIO_PROGRAM.o
 .debug_frame   0x0000000000000198      0x130 Src/EXTI_program.o
 .debug_frame   0x00000000000002c8      0x148 Src/NVIC_program.o
 .debug_frame   0x0000000000000410      0x16c Src/RCC_program.o
 .debug_frame   0x000000000000057c       0xf8 Src/SPI_program.o
 .debug_frame   0x0000000000000674      0x13c Src/STK_program.o
 .debug_frame   0x00000000000007b0      0x1ec Src/USART_program.o
 .debug_frame   0x000000000000099c       0x30 Src/main.o
 .debug_frame   0x00000000000009cc       0x2c c:/st/stm32cubeide_1.6.1/stm32cubeide/plugins/com.st.stm32cube.ide.mcu.externaltools.gnu-tools-for-stm32.9-2020-q2-update.win32_1.5.0.202011040924/tools/bin/../lib/gcc/arm-none-eabi/9.3.1/../../../../arm-none-eabi/lib/thumb/v7-m/nofp\libc_nano.a(lib_a-init.o)
 .debug_frame   0x00000000000009f8       0x24 c:/st/stm32cubeide_1.6.1/stm32cubeide/plugins/com.st.stm32cube.ide.mcu.externaltools.gnu-tools-for-stm32.9-2020-q2-update.win32_1.5.0.202011040924/tools/bin/../lib/gcc/arm-none-eabi/9.3.1/thumb/v7-m/nofp\libgcc.a(_arm_mulsf3.o)
 .debug_frame   0x0000000000000a1c       0x4c c:/st/stm32cubeide_1.6.1/stm32cubeide/plugins/com.st.stm32cube.ide.mcu.externaltools.gnu-tools-for-stm32.9-2020-q2-update.win32_1.5.0.202011040924/tools/bin/../lib/gcc/arm-none-eabi/9.3.1/thumb/v7-m/nofp\libgcc.a(_arm_addsubsf3.o)
 .debug_frame   0x0000000000000a68       0xc8 c:/st/stm32cubeide_1.6.1/stm32cubeide/plugins/com.st.stm32cube.ide.mcu.externaltools.gnu-tools-for-stm32.9-2020-q2-update.win32_1.5.0.202011040924/tools/bin/../lib/gcc/arm-none-eabi/9.3.1/thumb/v7-m/nofp\libgcc.a(_arm_cmpsf2.o)
 .debug_frame   0x0000000000000b30       0x24 c:/st/stm32cubeide_1.6.1/stm32cubeide/plugins/com.st.stm32cube.ide.mcu.externaltools.gnu-tools-for-stm32.9-2020-q2-update.win32_1.5.0.202011040924/tools/bin/../lib/gcc/arm-none-eabi/9.3.1/thumb/v7-m/nofp\libgcc.a(_arm_fixunssfsi.o)
