USART_program.c:29:6:MUSART_voidInit	24	static
USART_program.c:60:5:MUSART_voidSetBaudrateRegister	40	static
USART_program.c:89:6:MUSART_voidTransmitCharacter	24	static
USART_program.c:105:6:MUSART_u8RecieveCharacter	24	static
USART_program.c:122:6:MUSART_voidTransmitstring	24	static
USART_program.c:132:6:MUSART_u8GetRecievedValue	16	static
USART_program.c:169:5:MUSART_u8IsRecieveBufferAvailable	24	static
USART_program.c:231:6:MUSART_voidTransmitnumber	32	static
USART_program.c:251:6:MUSART_voidEnableUSART_RecieveInterrupt	16	static
USART_program.c:255:6:MUSART_voidDisableUSART_RecieveInterrupt	16	static
USART_program.c:259:6:USART1_IRQHandler	8	static
USART_program.c:271:6:USART2_IRQHandler	8	static
USART_program.c:282:6:USART3_IRQHandler	8	static
